// Jest Snapshot v1, https://goo.gl/fbAQLP

exports[`Render Film 1`] = `
<article
  className="small-movie-card catalog__movies-card"
  onMouseEnter={[Function]}
  onMouseLeave={[Function]}
>
  <div
    className="small-movie-card__image"
    onClick={[Function]}
  >
    <video />
  </div>
  <h3
    className="small-movie-card__title"
  >
    <a
      className="small-movie-card__link"
      href="/films/6"
      onClick={[Function]}
    >
      Остров проклятых
    </a>
  </h3>
</article>
`;
