// Jest Snapshot v1, https://goo.gl/fbAQLP

exports[`Render HeaderAuth 1`] = `
<h1
  className="page-title user-page__title"
>
  Sign in
</h1>
`;
