// Jest Snapshot v1, https://goo.gl/fbAQLP

exports[`Render HeaderMovie Auth 1`] = `
Array [
  "",
  <div
    className="user-block"
  >
    <div
      className="user-block__avatar"
    >
      <img
        alt="User avatar"
        height="63"
        src="img/avatar.jpg"
        width="63"
      />
    </div>
  </div>,
]
`;

exports[`Render HeaderMovie no Auth 1`] = `
Array [
  "",
  <div
    className="user-block"
  >
    <a
      className="user-block__link"
      href="/login"
    >
      Sign in
    </a>
  </div>,
]
`;
