// Jest Snapshot v1, https://goo.gl/fbAQLP

exports[`Render FilmOverview 1`] = `
Array [
  <div
    className="movie-rating"
  >
    <div
      className="movie-rating__score"
    >
      8.5
    </div>
    <p
      className="movie-rating__meta"
    >
      <span
        className="movie-rating__level"
      >
        Very good
      </span>
      <span
        className="movie-rating__count"
      >
        214
         ratings
      </span>
    </p>
  </div>,
  <div
    className="movie-card__text"
  >
    This is Description. TCHK.
    <p
      className="movie-card__director"
    >
      <strong>
        Director: 
        And he's Director
      </strong>
    </p>
    <p
      className="movie-card__starring"
    >
      <strong>
        Starring: 
        Actor, Actor, Actor
         and other
      </strong>
    </p>
  </div>,
]
`;
