// Jest Snapshot v1, https://goo.gl/fbAQLP

exports[`Render Header Movie NoIsAuth 1`] = `
<div
  className="user-block"
>
  <a
    className="user-block__link"
    href="/login"
  >
    Sign in
  </a>
</div>
`;

exports[`Render Header Movie isAuth 1`] = `
<div
  className="user-block"
>
  <div
    className="user-block__avatar"
  >
    <img
      alt="User avatar"
      height="63"
      src="img/avatar.jpg"
      width="63"
    />
  </div>
</div>
`;

exports[`Render Header Sign In Auth 1`] = `
<h1
  className="page-title user-page__title"
>
  Sign in
</h1>
`;

exports[`Render Header Sign In NoIsAuth 1`] = `
<h1
  className="page-title user-page__title"
>
  Sign in
</h1>
`;
