// Jest Snapshot v1, https://goo.gl/fbAQLP

exports[`Render withReview 1`] = `<div />`;
