// Jest Snapshot v1, https://goo.gl/fbAQLP

exports[`Render ShowMore 1`] = `null`;
