// Jest Snapshot v1, https://goo.gl/fbAQLP

exports[`Render withAudioPlayer 1`] = `
<div>
  <video />
</div>
`;
