// Jest Snapshot v1, https://goo.gl/fbAQLP

exports[`Render FilmReviews 1`] = `null`;
